Hitachi Optimizing Linkage Editor (Ver. 7.1.03.000)25-May-2015 23:49:22

*** Options ***

-subcommand=C:\Users\Az\AppData\Local\Temp\hmk4C9E.tmp
noprelink
sdebug
rom D=R
nomessage
list "C:\Users\Az\Dropbox\From Far\UI en cours\Debug\FXADDINror.map"
show symbol
nooptimize
start P_TOP,P,C,D,C$VTBL,C$INIT/0300200,B_BR_Size,B,R/08100000
fsymbol P
nologo
input "C:\Users\Az\Dropbox\From Far\UI en cours\Debug\UImenus.obj" "C:\Users\Az\Dropbox\From Far\UI en cours\Debug\MonochromeLib.obj"
input "C:\SDK\OS\FX\lib\setup.obj"
library "C:\SDK\OS\FX\lib\fx9860G_library.lib"
output "C:\Users\Az\Dropbox\From Far\UI en cours\Debug\FXADDINror.abs"
-nomessage=1100
end

*** Error information ***

*** Mapping List ***

SECTION                            START      END         SIZE   ALIGN

P_TOP
                                  00300200  0030020b         c   4
P
                                  0030020c  0030421b      4010   4
C
                                  0030421c  0030485f       644   4
D
                                  00304860  00304887        28   4
B_BR_Size
                                  08100000  08100003         4   4
B
                                  08100004  08100007         4   4
R
                                  08100008  0810002f        28   4

*** Symbol List ***

SECTION=
FILE=                               START        END    SIZE
  SYMBOL                            ADDR        SIZE    INFO      COUNTS  OPT

SECTION=P_TOP
FILE=C:\Users\Az\Dropbox\From Far\UI en cours\Debug\UImenus.obj
                                  00300200  0030020b         c
  _InitializeSystem
                                  00300200         c   func ,g         * 

SECTION=P
FILE=C:\Users\Az\Dropbox\From Far\UI en cours\Debug\UImenus.obj
                                  0030020c  003004a7       29c
  _AddIn_main
                                  0030020c       29c   func ,g         * 
FILE=C:\Users\Az\Dropbox\From Far\UI en cours\Debug\MonochromeLib.obj
                                  003004a8  00302fc3      2b1c
  _ML_vram_adress
                                  003004a8        1c   func ,g         * 
  _ML_clear_vram
                                  003004c4        5c   func ,g         * 
  _ML_clear_screen
                                  00300520        3a   func ,g         * 
  _ML_display_vram
                                  0030055a        4a   func ,g         * 
  _ML_set_contrast
                                  003005a4         c   func ,g         * 
  _ML_get_contrast
                                  003005b0        1c   func ,g         * 
  _ML_pixel
                                  003005cc        8c   func ,g         * 
  _ML_point
                                  00300658        6e   func ,g         * 
  _ML_pixel_test
                                  003006c6        64   func ,g         * 
  _ML_line
                                  0030072a        d6   func ,g         * 
  _ML_horizontal_line
                                  00300800       2a8   func ,g         * 
  _ML_vertical_line
                                  00300aa8       134   func ,g         * 
  _ML_rectangle
                                  00300bdc        fc   func ,g         * 
  _ML_polygon
                                  00300cd8        74   func ,g         * 
  _ML_filled_polygon_quicksord_partition
                                  00300d4c        62   func ,l         * 
  _ML_filled_polygon_quicksord
                                  00300dae        3e   func ,l         * 
  _ML_filled_polygon
                                  00300dec       260   func ,g         * 
  _ML_circle
                                  0030104c        f2   func ,g         * 
  _ML_filled_circle
                                  0030113e        b2   func ,g         * 
  _ML_ellipse
                                  003011f0       2b2   func ,g         * 
  _ML_ellipse_in_rect
                                  003014a2        58   func ,g         * 
  _ML_filled_ellipse
                                  003014fa       2bc   func ,g         * 
  _ML_filled_ellipse_in_rect
                                  003017b6        58   func ,g         * 
  _ML_horizontal_scroll
                                  0030180e       138   func ,g         * 
  _ML_vertical_scroll
                                  00301946        92   func ,g         * 
  _ML_bmp_or
                                  003019d8       166   func ,g         * 
  _ML_bmp_and
                                  00301b3e       176   func ,g         * 
  _ML_bmp_xor
                                  00301cb4       164   func ,g         * 
  _ML_bmp_or_cl
                                  00301e18       24e   func ,g         * 
  _ML_bmp_and_cl
                                  00302066       25a   func ,g         * 
  _ML_bmp_xor_cl
                                  003022c0       24e   func ,g         * 
  _ML_bmp_8_or
                                  0030250e        bc   func ,g         * 
  _ML_bmp_8_and
                                  003025ca        c6   func ,g         * 
  _ML_bmp_8_xor
                                  00302690        be   func ,g         * 
  _ML_bmp_8_or_cl
                                  0030274e        ee   func ,g         * 
  _ML_bmp_8_and_cl
                                  0030283c        ee   func ,g         * 
  _ML_bmp_8_xor_cl
                                  0030292a        ee   func ,g         * 
  _ML_bmp_16_or
                                  00302a18        ca   func ,g         * 
  _ML_bmp_16_and
                                  00302ae2        ce   func ,g         * 
  _ML_bmp_16_xor
                                  00302bb0        d0   func ,g         * 
  _ML_bmp_16_or_cl
                                  00302c80       112   func ,g         * 
  _ML_bmp_16_and_cl
                                  00302d92       11a   func ,g         * 
  _ML_bmp_16_xor_cl
                                  00302eac       118   func ,g         * 
FILE=C:\SDK\OS\FX\lib\setup.obj
                                  00302fc4  003030df       11c
  ___LINK_PROTECT
                                  00302fc4         4   func ,g         * 
  _SetQuitHandler
                                  00302fc8         6   func ,g         * 
  _OnAppCloseDefault
                                  00302fce        54   func ,g         * 
  __INITSCT_ADDIN
                                  00303022        48   func ,g         * 
  _INIT_ADDIN_APPLICATION
                                  0030306a        76   func ,g         * 
FILE=r_addd
                                  003030e0  0030346f       390
  __subd
                                  003030e0         0   none ,g         * 
  __subdr
                                  003030f8         0   none ,g         * 
  exception1
                                  00303110         0   none ,l         * 
  return_NaN
                                  00303124         0   none ,l         * 
  return_inf
                                  0030312c         0   none ,l         * 
  exception2
                                  00303130         0   none ,l         * 
  p2_denorm_check
                                  00303144         0   none ,l         * 
  p1_denorm
                                  00303150         0   none ,l         * 
  return_p2
                                  0030315c         0   none ,l         * 
  return_p1
                                  00303164         0   none ,l         * 
  p1_normalize
                                  00303172         0   none ,l         * 
  p1_norm_loop
                                  0030317c         0   none ,l         * 
  end_p1_norm
                                  00303186         0   none ,l         * 
  p2_normalize
                                  00303186         0   none ,l         * 
  p2_norm_loop
                                  00303190         0   none ,l         * 
  end_p2_norm
                                  0030319a         0   none ,l         * 
  swap_end
                                  003031a2         0   none ,l         * 
  return_zero
                                  003031a6         0   none ,l         * 
  __addd
                                  003031b0         0   none ,g         * 
  sub_in
                                  003031c2         0   none ,l         * 
  rotation
                                  003031e2         0   none ,l         * 
  exception_return
                                  0030320e         0   none ,l         * 
  sftr1
                                  00303250         0   none ,l         * 
  e_sftr31
                                  00303254         0   none ,l         * 
  e_sftr55
                                  0030327a         0   none ,l         * 
  sftr_loop
                                  00303280         0   none ,l         * 
  end_sftr
                                  00303288         0   none ,l         * 
  mantissa_sub
                                  003032ac         0   none ,l         * 
  man_sub1
                                  003032b4         0   none ,l         * 
  normalize
                                  003032c2         0   none ,l         * 
  norm32_end
                                  003032cc         0   none ,l         * 
  norm16_end
                                  003032dc         0   none ,l         * 
  over_norm
                                  003032e2         0   none ,l         * 
  overnorm_end
                                  0030330e         0   none ,l         * 
  norm_loop
                                  00303314         0   none ,l         * 
  end_calc
                                  0030333c         0   none ,l         * 
  end_norm
                                  0030333c         0   none ,l         * 
  denormalize_loop
                                  00303344         0   none ,l         * 
  round
                                  0030334c         0   none ,l         * 
  end_denormal
                                  0030334c         0   none ,l         * 
  round_carry
                                  00303364         0   none ,l         * 
  end_round
                                  0030336a         0   none ,l         * 
  return_value
                                  0030336a         0   none ,l         * 
  return
                                  00303388         0   none ,l         * 
  plus_zero
                                  003033a8         0   none ,l         * 
  swap
                                  003033b2         0   none ,l         * 
  EXP_INF
                                  003033cc         0   none ,l         * 
  MMASK
                                  003033d0         0   none ,l         * 
  MSB
                                  003033d4         0   none ,l         * 
  LOWMASK
                                  003033d8         0   none ,l         * 
  CARRY_CHECK
                                  003033dc         0   none ,l         * 
  NORMAL
                                  003033e0         0   none ,l         * 
  SIGN
                                  003033e4         0   none ,l         * 
  HALF
                                  003033e8         0   none ,l         * 
  sftrtbl
                                  003033ec         0   none ,l         * 
FILE=r_adds
                                  00303470  003036db       26c
  __subs
                                  00303470         0   none ,g         * 
  __adds
                                  00303476         0   none ,g         * 
  rotation
                                  00303490         0   none ,l         * 
  exception_return
                                  003034ba         0   none ,l         * 
  label
                                  003034da         0   none ,l         * 
  e_sftr26
                                  003034de         0   none ,l         * 
  or_sticky
                                  003034e2         0   none ,l         * 
  end_sftr
                                  003034e8         0   none ,l         * 
  mantissa_sub
                                  00303502         0   none ,l         * 
  normalize
                                  0030350c         0   none ,l         * 
  n_sftl_8
                                  00303522         0   none ,l         * 
  n_sftl_4
                                  0030352e         0   none ,l         * 
  n_sftl_2
                                  0030353c         0   none ,l         * 
  n_sftl_1
                                  00303544         0   none ,l         * 
  normal
                                  0030354c         0   none ,l         * 
  end_calc
                                  0030354e         0   none ,l         * 
  denormalize_loop
                                  00303556         0   none ,l         * 
  end_denormal
                                  0030355c         0   none ,l         * 
  round_carry
                                  0030356c         0   none ,l         * 
  end_round
                                  00303570         0   none ,l         * 
  return_value
                                  00303570         0   none ,l         * 
  return
                                  0030357e         0   none ,l         * 
  exception1
                                  0030358c         0   none ,l         * 
  return_NaN
                                  0030359a         0   none ,l         * 
  return_inf
                                  003035a0         0   none ,l         * 
  exception2
                                  003035a4         0   none ,l         * 
  p2_denorm_check
                                  003035b0         0   none ,l         * 
  p1_denorm
                                  003035b8         0   none ,l         * 
  p1_norm_loop
                                  003035c0         0   none ,l         * 
  end_p1_norm
                                  003035c6         0   none ,l         * 
  p2_normalize
                                  003035c6         0   none ,l         * 
  p2_norm_loop
                                  003035ca         0   none ,l         * 
  end_p2_norm
                                  003035d0         0   none ,l         * 
  plus_zero
                                  003035d4         0   none ,l         * 
  return_zero
                                  003035d6         0   none ,l         * 
  return_parm1
                                  003035dc         0   none ,l         * 
  e_sftr7
                                  003035e4         0   none ,l         * 
  e_sftr5
                                  003035e6         0   none ,l         * 
  e_sftr3
                                  003035e8         0   none ,l         * 
  e_sftr1
                                  003035ea         0   none ,l         * 
  e_sftr6
                                  003035ee         0   none ,l         * 
  e_sftr4
                                  003035f0         0   none ,l         * 
  e_sftr2
                                  003035f2         0   none ,l         * 
  e_sftr15
                                  003035f6         0   none ,l         * 
  e_sftr13
                                  003035fa         0   none ,l         * 
  e_sftr11
                                  003035fe         0   none ,l         * 
  e_sftr9
                                  00303602         0   none ,l         * 
  e_sftr14
                                  0030360c         0   none ,l         * 
  e_sftr12
                                  00303610         0   none ,l         * 
  e_sftr10
                                  00303614         0   none ,l         * 
  e_sftr8
                                  00303618         0   none ,l         * 
  e_sftr23
                                  0030361e         0   none ,l         * 
  e_sftr21
                                  00303622         0   none ,l         * 
  e_sftr19
                                  00303626         0   none ,l         * 
  e_sftr17
                                  0030362a         0   none ,l         * 
  e_sftr22
                                  00303634         0   none ,l         * 
  e_sftr20
                                  00303638         0   none ,l         * 
  e_sftr18
                                  0030363c         0   none ,l         * 
  e_sftr16
                                  00303640         0   none ,l         * 
  e_sftr25
                                  00303646         0   none ,l         * 
  e_sftr24
                                  00303654         0   none ,l         * 
  a_sftrtbl
                                  00303660         0   none ,l         * 
  EXP_INF
                                  003036c8         0   none ,l         * 
  HALF
                                  003036cc         0   none ,l         * 
  LRS
                                  003036d0         0   none ,l         * 
  MAN_1
                                  003036d4         0   none ,l         * 
  NaN
                                  003036d8         0   none ,l         * 
FILE=r_dtoi
                                  003036dc  00303767        8c
  __dtou
                                  003036dc         0   none ,g         * 
  __dtoi
                                  003036dc         0   none ,g         * 
  loop_sftl
                                  0030371c         0   none ,l         * 
  shift_low
                                  00303726         0   none ,l         * 
  shift_low1
                                  0030372e         0   none ,l         * 
  shift_r
                                  00303738         0   none ,l         * 
  shift_r1
                                  0030373a         0   none ,l         * 
  end_shift
                                  00303740         0   none ,l         * 
  return
                                  00303746         0   none ,l         * 
  end_nagate
                                  00303746         0   none ,l         * 
  return_zero
                                  00303754         0   none ,l         * 
  EXP_INF
                                  00303758         0   none ,l         * 
  MMASK
                                  0030375c         0   none ,l         * 
  MSB
                                  00303760         0   none ,l         * 
  BIAS
                                  00303764         0   none ,l         * 
FILE=r_dtos
                                  00303768  00303843        dc
  __dtos
                                  00303768         0   none ,g         * 
  end_sticky
                                  003037be         0   none ,l         * 
  denormalize_loop
                                  003037c6         0   none ,l         * 
  end_denormal
                                  003037d0         0   none ,l         * 
  round_carry
                                  003037e0         0   none ,l         * 
  end_round
                                  003037e4         0   none ,l         * 
  return
                                  003037f4         0   none ,l         * 
  exception
                                  00303802         0   none ,l         * 
  return_inf
                                  0030380a         0   none ,l         * 
  return_NaN
                                  00303812         0   none ,l         * 
  return_zero
                                  00303818         0   none ,l         * 
  EXP_INF
                                  00303820         0   none ,l         * 
  MMASK
                                  00303824         0   none ,l         * 
  SMASK
                                  00303828         0   none ,l         * 
  DEF_BIAS
                                  0030382c         0   none ,l         * 
  MSB
                                  00303830         0   none ,l         * 
  INFS
                                  00303834         0   none ,l         * 
  CARRY_CHECK
                                  00303838         0   none ,l         * 
  RET_INF
                                  0030383c         0   none ,l         * 
  NaN
                                  00303840         0   none ,l         * 
FILE=r_gtd
                                  00303844  003038eb        a8
  __gtd
                                  00303844         0   none ,g         * 
  exception_return1
                                  00303876         0   none ,l         * 
  exception_return2
                                  0030387a         0   none ,l         * 
  exception_return3
                                  0030387e         0   none ,l         * 
  minus
                                  00303890         0   none ,l         * 
  sign_def
                                  00303898         0   none ,l         * 
  return
                                  0030389c         0   none ,l         * 
  exception1
                                  003038b0         0   none ,l         * 
  exception2
                                  003038bc         0   none ,l         * 
  exception3
                                  003038c8         0   none ,l         * 
  false
                                  003038e0         0   none ,l         * 
  EXP_INF
                                  003038e4         0   none ,l         * 
  MMASK
                                  003038e8         0   none ,l         * 
FILE=r_itod
                                  003038ec  0030393f        54
  __itod
                                  003038ec         0   none ,g         * 
  end_negate
                                  00303900         0   none ,l         * 
  sftl_loop
                                  00303902         0   none ,l         * 
  return
                                  00303924         0   none ,l         * 
  return_zero
                                  00303934         0   none ,l         * 
  EXP_32
                                  0030393c         0   none ,l         * 
FILE=r_itos
                                  00303940  00303997        58
  __itos
                                  00303940         0   none ,g         * 
  end_negate
                                  00303954         0   none ,l         * 
  sftl_loop
                                  00303956         0   none ,l         * 
  end_round
                                  00303972         0   none ,l         * 
  return_value
                                  00303972         0   none ,l         * 
  return_zero
                                  00303988         0   none ,l         * 
  EXP_32
                                  0030398c         0   none ,l         * 
  LRS
                                  00303990         0   none ,l         * 
  MAN_1
                                  00303994         0   none ,l         * 
FILE=r_lts
                                  00303998  00303a0f        78
  __lts
                                  00303998         0   none ,g         * 
  exception_return1
                                  003039bc         0   none ,l         * 
  exception_return2
                                  003039c0         0   none ,l         * 
  exception_return3
                                  003039c4         0   none ,l         * 
  minus
                                  003039d2         0   none ,l         * 
  sign_def
                                  003039d8         0   none ,l         * 
  return
                                  003039dc         0   none ,l         * 
  exception1
                                  003039e8         0   none ,l         * 
  exception2
                                  003039f0         0   none ,l         * 
  exception3
                                  003039f8         0   none ,l         * 
  false
                                  00303a08         0   none ,l         * 
  EXP_INF
                                  00303a0c         0   none ,l         * 
FILE=r_muld
                                  00303a10  00303c23       214
  exception1
                                  00303a10         0   none ,l         * 
  parm2_NaN_check
                                  00303a2c         0   none ,l         * 
  exception2
                                  00303a38         0   none ,l         * 
  exception3
                                  00303a50         0   none ,l         * 
  ex3
                                  00303a5c         0   none ,l         * 
  p1_norm_loop
                                  00303a66         0   none ,l         * 
  end_p1_norm
                                  00303a70         0   none ,l         * 
  exception4
                                  00303a74         0   none ,l         * 
  ex4
                                  00303a80         0   none ,l         * 
  p2_norm_loop
                                  00303a8a         0   none ,l         * 
  end_p2_norm
                                  00303a94         0   none ,l         * 
  return_zero
                                  00303a98         0   none ,l         * 
  return_inf
                                  00303aa2         0   none ,l         * 
  return_NaN
                                  00303aaa         0   none ,l         * 
  __muld
                                  00303ab4         0   none ,g         * 
  exception_return3
                                  00303b0a         0   none ,l         * 
  exception_return4
                                  00303b0e         0   none ,l         * 
  mul_man1
                                  00303b50         0   none ,l         * 
  end_normalize
                                  00303b74         0   none ,l         * 
  end_sticky
                                  00303b7a         0   none ,l         * 
  denormalize_loop
                                  00303b82         0   none ,l         * 
  round_denormal
                                  00303b8e         0   none ,l         * 
  end_round_d
                                  00303ba4         0   none ,l         * 
  end_denormal
                                  00303ba8         0   none ,l         * 
  round_carry
                                  00303bba         0   none ,l         * 
  end_round
                                  00303bc0         0   none ,l         * 
  return_value
                                  00303bc0         0   none ,l         * 
  return
                                  00303bde         0   none ,l         * 
  EXP_INF
                                  00303c0c         0   none ,l         * 
  MMASK
                                  00303c10         0   none ,l         * 
  MSB
                                  00303c14         0   none ,l         * 
  CARRY_CHECK
                                  00303c18         0   none ,l         * 
  BIAS
                                  00303c1c         0   none ,l         * 
  DEN_CARRY
                                  00303c20         0   none ,l         * 
FILE=__divls
                                  00303c24  00303cd7        b4
  __divls
                                  00303c24         0   none ,g         * 
  divls_zero
                                  00303cc2         0   none ,l         * 
  A_errno
                                  00303cd0         0   none ,l         * 
  n_zerono
                                  00303cd4         0   none ,l         * 
FILE=__modls
                                  00303cd8  00303d9f        c8
  __modls
                                  00303cd8         0   none ,g         * 
  modls_L
                                  00303d7e         0   none ,l         * 
  modls_zero
                                  00303d8a         0   none ,l         * 
  A_errno
                                  00303d98         0   none ,l         * 
  n_zerono
                                  00303d9c         0   none ,l         * 
FILE=abs
                                  00303da0  00303dad         e
  _abs
                                  00303da0         e   func ,g         * 
FILE=_Bdel_cychdr
                                  00303db0  00303dbf        10
  _Bdel_cychdr
                                  00303db0         0   none ,g         * 
FILE=_BfileFLS_CloseFile
                                  00303dc0  00303dcf        10
  _BfileFLS_CloseFile
                                  00303dc0         0   none ,g         * 
FILE=_Bkey_Set_RepeatTime_Default
                                  00303dd0  00303ddf        10
  _Bkey_Set_RepeatTime_Default
                                  00303dd0         0   none ,g         * 
FILE=_CallbackAtQuitMainFunction
                                  00303de0  00303def        10
  _CallbackAtQuitMainFunction
                                  00303de0         0   none ,g         * 
FILE=_flsFindClose
                                  00303df0  00303dff        10
  _flsFindClose
                                  00303df0         0   none ,g         * 
FILE=_free
                                  00303e00  00303e0f        10
  _free
                                  00303e00         0   none ,g         * 
FILE=_GLibAddinAplExecutionCheck
                                  00303e10  00303e1f        10
  _GLibAddinAplExecutionCheck
                                  00303e10         0   none ,g         * 
FILE=_Hmem_SetMMU
                                  00303e20  00303e2f        10
  _Hmem_SetMMU
                                  00303e20         0   none ,g         * 
FILE=_malloc
                                  00303e30  00303e3f        10
  _malloc
                                  00303e30         0   none ,g         * 
FILE=keybios
                                  00303e40  00304183       344
  _GetKeyWait
                                  00303e40        40   func ,g         * 
  _Bkey_GetKeyTableInfo
                                  00303e80        5c   func ,g         * 
  _KeyCodeConvert
                                  00303edc        78   func ,g         * 
  _END$270
                                  00303f1a         0   none ,l         * 
  __Delay
                                  00303f54        88   func ,g         * 
  _Hkey_Check_Key_SDK
                                  00303fdc       12c   func ,g         * 
  _IsKeyDown
                                  00304108        30   func ,g         * 
  _IsKeyUp
                                  00304138        4c   func ,g         * 
FILE=__s_mvn
                                  00304184  003041bb        38
  __slow_mvn
                                  00304184         0   none ,g         * 
  SMVN_B
                                  00304192         0   none ,l         * 
  SMVN_END
                                  003041b4         0   none ,l         * 
FILE=_Bkey_GetKeyTableInfoJumpFunc
                                  003041bc  003041cb        10
  _Bkey_GetKeyTableInfoJumpFunc
                                  003041bc         0   none ,g         * 
FILE=_Bkey_GetKeyWait
                                  003041cc  003041db        10
  _Bkey_GetKeyWait
                                  003041cc         0   none ,g         * 
FILE=_Chattering
                                  003041dc  003041eb        10
  _Chattering
                                  003041dc         0   none ,g         * 
FILE=_GLibGetAddinLibInfo
                                  003041ec  003041fb        10
  _GLibGetAddinLibInfo
                                  003041ec         0   none ,g         * 
FILE=_GLibGetOSVersionInfo
                                  003041fc  0030420b        10
  _GLibGetOSVersionInfo
                                  003041fc         0   none ,g         * 
FILE=_SetIntFlagPaturn
                                  0030420c  0030421b        10
  _SetIntFlagPaturn
                                  0030420c         0   none ,g         * 

SECTION=C
FILE=C:\Users\Az\Dropbox\From Far\UI en cours\Debug\UImenus.obj
                                  0030421c  003046e2       4c7
  _tab1
                                  0030421c       1f0   data ,g         * 
  _tab2
                                  0030440c        68   data ,g         * 
  _tab3
                                  00304474       200   data ,g         * 
  _tab4
                                  00304674        68   data ,g         * 
  _pointer
                                  003046dc         7   data ,g         * 
FILE=addin_sct
                                  003046e4  003046f7        14
  _B_BGN
                                  003046e4         0   none ,g         * 
  _B_END
                                  003046e8         0   none ,g         * 
  _R_BGN
                                  003046ec         0   none ,g         * 
  _R_END
                                  003046f0         0   none ,g         * 
  _D_ROM
                                  003046f4         0   none ,g         * 
FILE=keybios
                                  003046f8  0030485f       168
  _gb_KeyCodeTable
                                  003046f8       150   data ,l         * 
  _gb_usKoState
                                  00304848        18   data ,l         * 

SECTION=B_BR_Size
FILE=C:\Users\Az\Dropbox\From Far\UI en cours\Debug\UImenus.obj
                                  08100000  08100003         4
  _BR_Size
                                  08100000         4   data ,g         * 

SECTION=B
FILE=_errno
                                  08100004  08100007         4
  __errno
                                  08100004         4   data ,g         * 

SECTION=R
FILE=C:\Users\Az\Dropbox\From Far\UI en cours\Debug\UImenus.obj
                                  08100008  08100017        10
  _tab1x
                                  08100008         4   data ,g         * 
  _tab2y
                                  0810000c         4   data ,g         * 
  _tab3x
                                  08100010         4   data ,g         * 
  _tab4y
                                  08100014         4   data ,g         * 
FILE=C:\Users\Az\Dropbox\From Far\UI en cours\Debug\MonochromeLib.obj
                                  08100018  08100027        10
  _SysCallCode
                                  08100018         c   data ,l         * 
  _SysCall
                                  08100024         4   data ,l         * 
FILE=C:\SDK\OS\FX\lib\setup.obj
                                  08100028  0810002b         4
  _gb_OnAppClose
                                  08100028         4   data ,g         * 
FILE=keybios
                                  0810002c  0810002f         4
  _gb_pKeyMatrix
                                  0810002c         4   data ,g         * 

Absolute value symbols
FILE=__divls
  zerodiv
                                  0000044e         0   none ,l         * 
FILE=__modls
  zerodiv
                                  0000044e         0   none ,l         * 
FILE=_Bdel_cychdr
  __JumpTableTOP
                                  80010070         0   none ,l         * 
FILE=_BfileFLS_CloseFile
  __JumpTableTOP
                                  80010070         0   none ,l         * 
FILE=_Bkey_Set_RepeatTime_Default
  __JumpTableTOP
                                  80010070         0   none ,l         * 
FILE=_CallbackAtQuitMainFunction
  __JumpTableTOP
                                  80010070         0   none ,l         * 
FILE=_flsFindClose
  __JumpTableTOP
                                  80010070         0   none ,l         * 
FILE=_free
  __JumpTableTOP
                                  80010070         0   none ,l         * 
FILE=_GLibAddinAplExecutionCheck
  __JumpTableTOP
                                  80010070         0   none ,l         * 
FILE=_Hmem_SetMMU
  __JumpTableTOP
                                  80010070         0   none ,l         * 
FILE=_malloc
  __JumpTableTOP
                                  80010070         0   none ,l         * 
FILE=_Bkey_GetKeyTableInfoJumpFunc
  __JumpTableTOP
                                  80010070         0   none ,l         * 
FILE=_Bkey_GetKeyWait
  __JumpTableTOP
                                  80010070         0   none ,l         * 
FILE=_Chattering
  __JumpTableTOP
                                  80010070         0   none ,l         * 
FILE=_GLibGetAddinLibInfo
  __JumpTableTOP
                                  80010070         0   none ,l         * 
FILE=_GLibGetOSVersionInfo
  __JumpTableTOP
                                  80010070         0   none ,l         * 
FILE=_SetIntFlagPaturn
  __JumpTableTOP
                                  80010070         0   none ,l         * 

*** Delete Symbols ***

SYMBOL                                SIZE    INFO

*** Variable Accessible with Abs8 ***

SYMBOL                                SIZE    COUNTS  OPTIMIZE

*** Variable Accessible with Abs16 ***

SYMBOL                                SIZE    COUNTS  OPTIMIZE

*** Function Call ***

SYMBOL                              COUNTS  OPTIMIZE
