SH SERIES C/C++ Compiler (Ver. 6.0C)                                                                 25-May-2015 23:49:20  PAGE    1

************ OBJECT LISTING ************

FILE NAME: C:\Users\Az\Dropbox\From Far\UI en cours\UImenus.c

SCT OFFSET   CODE       C LABEL     INSTRUCTION OPERAND    COMMENT

       UImenus.c     1    /*****************************************************************/
       UImenus.c     2    /*                                                               */
       UImenus.c     3    /*   CASIO fx-9860G SDK Library                                  */
       UImenus.c     4    /*                                                               */
       UImenus.c     5    /*   File name : [ProjectName].c                                 */
       UImenus.c     6    /*                                                               */
       UImenus.c     7    /*   Copyright (c) 2006 CASIO COMPUTER CO., LTD.                 */
       UImenus.c     8    /*                                                               */
       UImenus.c     9    /*****************************************************************/
       UImenus.c    10    #include "fxlib.h"
       UImenus.c    11    #include "MonochromeLib.h"
       UImenus.c    12    
       UImenus.c    13    //****************************************************************************
       UImenus.c    14    //  AddIn_main (Sample program main function)
       UImenus.c    15    //
       UImenus.c    16    //  param   :   isAppli   : 1 = This application is launched by MAIN MENU.
       UImenus.c    17    //                        : 0 = This application is launched by a strip in eACT application.
       UImenus.c    18    //
       UImenus.c    19    //              OptionNum : Strip number (0~3)
       UImenus.c    20    //                         (This parameter is only used when isAppli parameter is 0.)
       UImenus.c    21    //
       UImenus.c    22    //  retval  :   1 = No error / 0 = Error
       UImenus.c    23    //
       UImenus.c    24    //****************************************************************************
       UImenus.c    25    const unsigned char tab1[]={0x0, 0x0, 0x0, 0x0, 0x0, 0x3, 0x80, 0x3f, 0xff, 0xff, 0xff, 0xff, 0xff, 0xfe, 
                         +0x80, 0x3f, 0x0, 0x0, 0x0, 0x0, 0x0, 0x2, 0x80, 0x3f, 0x0, 0x0, 0x0, 0x0, 0x0, 0x2, 0x80, 0x3f, 0x0, 0x0, 
                         +0x0, 0x0, 0x0, 0x2, 0x80, 0x3f, 0x0, 0x0, 0x0, 0x0, 0x0, 0x2, 0x80, 0x3f, 0x0, 0x0, 0x0, 0x0, 0x0, 0x2, 0x
                         +80, 0x3f, 0x0, 0x0, 0x0, 0x0, 0x0, 0x2, 0x80, 0x3f, 0x0, 0x0, 0x0, 0x0, 0x0, 0x2, 0x80, 0x3f, 0x0, 0x0, 0x
                         +0, 0x0, 0x0, 0x2, 0x80, 0x3f, 0x0, 0x0, 0x0, 0x0, 0x0, 0x2, 0x80, 0x3f, 0x0, 0x0, 0x0, 0x0, 0x0, 0x2, 0x80
                         +, 0x3f, 0x0, 0x0, 0x0, 0x0, 0x0, 0x2, 0x80, 0x3f, 0x0, 0x0, 0x0, 0x0, 0x0, 0x2, 0x80, 0x3f, 0x0, 0x0, 0x0,
                         + 0x0, 0x0, 0x2, 0x80, 0x3f, 0x0, 0x0, 0x0, 0x0, 0x0, 0x2, 0x80, 0x3f, 0x0, 0x0, 0x0, 0x0, 0x0, 0x2, 0x80, 
                         +0x3f, 0x0, 0x0, 0x0, 0x0, 0x0, 0x2, 0x80, 0x3f, 0x0, 0x0, 0x0, 0x0, 0x0, 0x2, 0x80, 0x3f, 0x0, 0x0, 0x0, 0
                         +x0, 0x0, 0x2, 0x80, 0x3f, 0x0, 0x0, 0x0, 0x0, 0x0, 0x2, 0x80, 0x3f, 0x0, 0x0, 0x0, 0x0, 0x0, 0x2, 0x80, 0x
                         +3f, 0x0, 0x0, 0x0, 0x0, 0x0, 0x2, 0x80, 0x3f, 0x0, 0x0, 0x0, 0x0, 0x0, 0x2, 0x80, 0x3f, 0x0, 0x0, 0x0, 0x0
                         +, 0x0, 0x2, 0x80, 0x3f, 0x0, 0x0, 0x0, 0x0, 0x0, 0x2, 0x80, 0x3f, 0x0, 0x0, 0x0, 0x0, 0x0, 0x2, 0x80, 0x3f
                         +, 0x0, 0x0, 0x0, 0x0, 0x0, 0x2, 0x80, 0x3f, 0x0, 0x0, 0x0, 0x0, 0x0, 0x2, 0x80, 0x3f, 0x0, 0x0, 0x0, 0x0, 
                         +0x0, 0x2, 0xa0, 0x3f, 0x0, 0x0, 0x0, 0x0, 0x0, 0x2, 0xd8, 0x3f, 0x0, 0x0, 0x0, 0x0, 0x0, 0x2, 0x7, 0xff, 0
                         +x0, 0x0, 0x0, 0x0, 0x0, 0x2, 0xd8, 0x3f, 0x0, 0x0, 0x0, 0x0, 0x0, 0x2, 0xa0, 0x3f, 0x0, 0x0, 0x0, 0x0, 0x0
                         +, 0x2, 0x80, 0x3f, 0x0, 0x0, 0x0, 0x0, 0x0, 0x2, 0x80, 0x3f, 0x0, 0x0, 0x0, 0x0, 0x0, 0x2, 0x80, 0x3f, 0x0
                         +, 0x0, 0x0, 0x0, 0x0, 0x2, 0x80, 0x3f, 0x0, 0x0, 0x0, 0x0, 0x0, 0x2, 0x80, 0x3f, 0x0, 0x0, 0x0, 0x0, 0x0, 
                         +0x2, 0x80, 0x3f, 0x0, 0x0, 0x0, 0x0, 0x0, 0x2, 0x80, 0x3f, 0x0, 0x0, 0x0, 0x0, 0x0, 0x2, 0x80, 0x3f, 0x0, 
                         +0x0, 0x0, 0x0, 0x0, 0x2, 0x80, 0x3f, 0x0, 0x0, 0x0, 0x0, 0x0, 0x2, 0x80, 0x3f, 0x0, 0x0, 0x0, 0x0, 0x0, 0x
                         +2, 0x80, 0x3f, 0x0, 0x0, 0x0, 0x0, 0x0, 0x2, 0x80, 0x3f, 0x0, 0x0, 0x0, 0x0, 0x0, 0x2, 0x80, 0x3f, 0x0, 0x
                         +0, 0x0, 0x0, 0x0, 0x2, 0x80, 0x3f, 0x0, 0x0, 0x0, 0x0, 0x0, 0x2, 0x80, 0x3f, 0x0, 0x0, 0x0, 0x0, 0x0, 0x2,
                         + 0x80, 0x3f, 0x0, 0x0, 0x0, 0x0, 0x0, 0x2, 0x80, 0x3f, 0x0, 0x0, 0x0, 0x0, 0x0, 0x2, 0x80, 0x3f, 0x0, 0x0,
                         + 0x0, 0x0, 0x0, 0x2, 0x80, 0x3f, 0x0, 0x0, 0x0, 0x0, 0x0, 0x2, 0x80, 0x3f, 0x0, 0x0, 0x0, 0x0, 0x0, 0x2, 0
                         +x80, 0x3f, 0x0, 0x0, 0x0, 0x0, 0x0, 0x2, 0x80, 0x3f, 0x0, 0x0, 0x0, 0x0, 0x0, 0x2, 0x80, 0x3f, 0x0, 0x0, 0
                         +x0, 0x0, 0x0, 0x2, 0x80, 0x3f, 0x0, 0x0, 0x0, 0x0, 0x0, 0x2, 0x80, 0x3f, 0x0, 0x0, 0x0, 0x0, 0x0, 0x2, 0x8
                         +0, 0x3f, 0xff, 0xff, 0xff, 0xff, 0xff, 0xfe, 0x80, 0x3f, 0x0, 0x0, 0x0, 0x0, 0x0, 0x3, 0x80, 0x3f, };
       UImenus.c    26    const unsigned char tab2[]={0x40, 0x0, 0x0, 0x2f, 0x40, 0x0, 0x0, 0x2f, 0x40, 0x0, 0x0, 0x2f, 0x40, 0x0, 0
                         +x0, 0x2f, 0x40, 0x0, 0x0, 0x2f, 0x40, 0x0, 0x0, 0x2f, 0x40, 0x0, 0x0, 0x2f, 0x40, 0x0, 0x0, 0x2f, 0x40, 0x
                         +0, 0x0, 0x2f, 0x40, 0x0, 0x0, 0x2f, 0x40, 0x0, 0x0, 0x2f, 0x40, 0x0, 0x0, 0x2f, 0x40, 0x0, 0x0, 0x2f, 0x40
                         +, 0x0, 0x0, 0x2f, 0x40, 0x0, 0x0, 0x2f, 0xff, 0xff, 0xff, 0xff, 0x80, 0x0, 0x0, 0x1f, 0xff, 0xff, 0xff, 0x
                         +ff, 0x0, 0x5, 0x0, 0xf, 0x0, 0x8, 0x80, 0xf, 0x0, 0x5, 0x0, 0xf, 0x0, 0x5, 0x0, 0xf, 0x0, 0x2, 0x0, 0xf, 0




SH SERIES C/C++ Compiler (Ver. 6.0C)                                                                 25-May-2015 23:49:20  PAGE    2


SCT OFFSET   CODE       C LABEL     INSTRUCTION OPERAND    COMMENT

                         +x0, 0x2, 0x0, 0xf, 0x0, 0x2, 0x0, 0xf, 0x0, 0x2, 0x0, 0xf, };
       UImenus.c    27    const unsigned char tab3[]={0x0, 0x0, 0x0, 0x0, 0x0, 0x0, 0x0, 0x7f, 0x0, 0xe0, 0x0, 0x0, 0x0, 0x0, 0x0, 0
                         +x7f, 0x0, 0xbf, 0xff, 0xff, 0xff, 0xff, 0xff, 0xff, 0x0, 0xa0, 0x0, 0x0, 0x0, 0x0, 0x0, 0x7f, 0x0, 0xa0, 0
                         +x0, 0x0, 0x0, 0x0, 0x0, 0x7f, 0x0, 0xa0, 0x0, 0x0, 0x0, 0x0, 0x0, 0x7f, 0x0, 0xa0, 0x0, 0x0, 0x0, 0x0, 0x0
                         +, 0x7f, 0x0, 0xa0, 0x0, 0x0, 0x0, 0x0, 0x0, 0x7f, 0x0, 0xa0, 0x0, 0x0, 0x0, 0x0, 0x0, 0x7f, 0x0, 0xa0, 0x0
                         +, 0x0, 0x0, 0x0, 0x0, 0x7f, 0x0, 0xa0, 0x0, 0x0, 0x0, 0x0, 0x0, 0x7f, 0x0, 0xa0, 0x0, 0x0, 0x0, 0x0, 0x0, 
                         +0x7f, 0x0, 0xa0, 0x0, 0x0, 0x0, 0x0, 0x0, 0x7f, 0x0, 0xa0, 0x0, 0x0, 0x0, 0x0, 0x0, 0x7f, 0x0, 0xa0, 0x0, 
                         +0x0, 0x0, 0x0, 0x0, 0x7f, 0x0, 0xa0, 0x0, 0x0, 0x0, 0x0, 0x0, 0x7f, 0x0, 0xa0, 0x0, 0x0, 0x0, 0x0, 0x0, 0x
                         +7f, 0x0, 0xa0, 0x0, 0x0, 0x0, 0x0, 0x0, 0x7f, 0x0, 0xa0, 0x0, 0x0, 0x0, 0x0, 0x0, 0x7f, 0x0, 0xa0, 0x0, 0x
                         +0, 0x0, 0x0, 0x0, 0x7f, 0x0, 0xa0, 0x0, 0x0, 0x0, 0x0, 0x0, 0x7f, 0x0, 0xa0, 0x0, 0x0, 0x0, 0x0, 0x0, 0x7f
                         +, 0x0, 0xa0, 0x0, 0x0, 0x0, 0x0, 0x0, 0x7f, 0x0, 0xa0, 0x0, 0x0, 0x0, 0x0, 0x0, 0x7f, 0x0, 0xa0, 0x0, 0x0,
                         + 0x0, 0x0, 0x0, 0x7f, 0x0, 0xa0, 0x0, 0x0, 0x0, 0x0, 0x0, 0x7f, 0x0, 0xa0, 0x0, 0x0, 0x0, 0x0, 0x0, 0x7f, 
                         +0x0, 0xa0, 0x0, 0x0, 0x0, 0x0, 0x0, 0x7f, 0x0, 0xa0, 0x0, 0x0, 0x0, 0x0, 0x0, 0x7f, 0x0, 0xa0, 0x0, 0x0, 0
                         +x0, 0x0, 0x0, 0x7f, 0x2, 0xa0, 0x0, 0x0, 0x0, 0x0, 0x0, 0x7f, 0xd, 0xa0, 0x0, 0x0, 0x0, 0x0, 0x0, 0x7f, 0x
                         +f0, 0x20, 0x0, 0x0, 0x0, 0x0, 0x0, 0x7f, 0xd, 0xa0, 0x0, 0x0, 0x0, 0x0, 0x0, 0x7f, 0x2, 0xa0, 0x0, 0x0, 0x
                         +0, 0x0, 0x0, 0x7f, 0x0, 0xa0, 0x0, 0x0, 0x0, 0x0, 0x0, 0x7f, 0x0, 0xa0, 0x0, 0x0, 0x0, 0x0, 0x0, 0x7f, 0x0
                         +, 0xa0, 0x0, 0x0, 0x0, 0x0, 0x0, 0x7f, 0x0, 0xa0, 0x0, 0x0, 0x0, 0x0, 0x0, 0x7f, 0x0, 0xa0, 0x0, 0x0, 0x0,
                         + 0x0, 0x0, 0x7f, 0x0, 0xa0, 0x0, 0x0, 0x0, 0x0, 0x0, 0x7f, 0x0, 0xa0, 0x0, 0x0, 0x0, 0x0, 0x0, 0x7f, 0x0, 
                         +0xa0, 0x0, 0x0, 0x0, 0x0, 0x0, 0x7f, 0x0, 0xa0, 0x0, 0x0, 0x0, 0x0, 0x0, 0x7f, 0x0, 0xa0, 0x0, 0x0, 0x0, 0
                         +x0, 0x0, 0x7f, 0x0, 0xa0, 0x0, 0x0, 0x0, 0x0, 0x0, 0x7f, 0x0, 0xa0, 0x0, 0x0, 0x0, 0x0, 0x0, 0x7f, 0x0, 0x
                         +a0, 0x0, 0x0, 0x0, 0x0, 0x0, 0x7f, 0x0, 0xa0, 0x0, 0x0, 0x0, 0x0, 0x0, 0x7f, 0x0, 0xa0, 0x0, 0x0, 0x0, 0x0
                         +, 0x0, 0x7f, 0x0, 0xa0, 0x0, 0x0, 0x0, 0x0, 0x0, 0x7f, 0x0, 0xa0, 0x0, 0x0, 0x0, 0x0, 0x0, 0x7f, 0x0, 0xa0
                         +, 0x0, 0x0, 0x0, 0x0, 0x0, 0x7f, 0x0, 0xa0, 0x0, 0x0, 0x0, 0x0, 0x0, 0x7f, 0x0, 0xa0, 0x0, 0x0, 0x0, 0x0, 
                         +0x0, 0x7f, 0x0, 0xa0, 0x0, 0x0, 0x0, 0x0, 0x0, 0x7f, 0x0, 0xa0, 0x0, 0x0, 0x0, 0x0, 0x0, 0x7f, 0x0, 0xa0, 
                         +0x0, 0x0, 0x0, 0x0, 0x0, 0x7f, 0x0, 0xa0, 0x0, 0x0, 0x0, 0x0, 0x0, 0x7f, 0x0, 0xa0, 0x0, 0x0, 0x0, 0x0, 0x
                         +0, 0x7f, 0x0, 0xa0, 0x0, 0x0, 0x0, 0x0, 0x0, 0x7f, 0x0, 0xbf, 0xff, 0xff, 0xff, 0xff, 0xff, 0xff, 0x0, 0xe
                         +0, 0x0, 0x0, 0x0, 0x0, 0x0, 0x7f, 0x0, 0x0, 0x0, 0x0, 0x0, 0x0, 0x0, 0x7f, };
       UImenus.c    28    const unsigned char tab4[]={0x0, 0x2, 0x0, 0xf, 0x0, 0x2, 0x0, 0xf, 0x0, 0x2, 0x0, 0xf, 0x0, 0x2, 0x0, 0xf
                         +, 0x0, 0x5, 0x0, 0xf, 0x0, 0x5, 0x0, 0xf, 0x0, 0x8, 0x80, 0xf, 0x0, 0x5, 0x0, 0xf, 0xff, 0xff, 0xff, 0xff,
                         + 0x80, 0x0, 0x0, 0x1f, 0xff, 0xff, 0xff, 0xff, 0x40, 0x0, 0x0, 0x2f, 0x40, 0x0, 0x0, 0x2f, 0x40, 0x0, 0x0,
                         + 0x2f, 0x40, 0x0, 0x0, 0x2f, 0x40, 0x0, 0x0, 0x2f, 0x40, 0x0, 0x0, 0x2f, 0x40, 0x0, 0x0, 0x2f, 0x40, 0x0, 
                         +0x0, 0x2f, 0x40, 0x0, 0x0, 0x2f, 0x40, 0x0, 0x0, 0x2f, 0x40, 0x0, 0x0, 0x2f, 0x40, 0x0, 0x0, 0x2f, 0x40, 0
                         +x0, 0x0, 0x2f, 0x40, 0x0, 0x0, 0x2f, 0x40, 0x0, 0x0, 0x2f, };
       UImenus.c    29    const unsigned char pointer[]={0x29, 0x11, 0x83, 0x45, 0x83, 0x11, 0x29, };
       UImenus.c    30    int tab1x = -50;
       UImenus.c    31    int tab2y = -19;
       UImenus.c    32    int tab3x = 121;
       UImenus.c    33    int tab4y = 57;
       UImenus.c    34    int AddIn_main(int isAppli, unsigned short OptionNum){
P   00000000              _AddIn_main:                     ; function: AddIn_main
                                                           ; frame size=48
    00000000 2FE6                   MOV.L       R14,@-R15
    00000002 2FD6                   MOV.L       R13,@-R15
    00000004 2FC6                   MOV.L       R12,@-R15
    00000006 2FB6                   MOV.L       R11,@-R15
    00000008 2FA6                   MOV.L       R10,@-R15
    0000000A 2F96                   MOV.L       R9,@-R15
    0000000C 2F86                   MOV.L       R8,@-R15
    0000000E 4F22                   STS.L       PR,@-R15
       UImenus.c    35         ML_clear_vram();
    00000010 D336                   MOV.L       L403+8,R3  ; _ML_clear_vram
    00000012 430B                   JSR         @R3
    00000014 0009                   NOP
    00000016 9865                   MOV.W       L403,R8    ; H'7542
    00000018 D935                   MOV.L       L403+12,R9 ; _IsKeyDown
    0000001A DA36                   MOV.L       L403+16,R10; _tab3x
    0000001C DB36                   MOV.L       L403+20,R11; _tab1x




SH SERIES C/C++ Compiler (Ver. 6.0C)                                                                 25-May-2015 23:49:20  PAGE    3


SCT OFFSET   CODE       C LABEL     INSTRUCTION OPERAND    COMMENT

    0000001E DC37                   MOV.L       L403+24,R12; _tab4y
    00000020 DD37                   MOV.L       L403+28,R13; _tab2y
    00000022 DE38                   MOV.L       L403+32,R14; _ML_bmp_or_cl
       UImenus.c    36        while(!IsKeyDown(KEY_CTRL_UP)){
    00000024 A121                   BRA         L373
    00000026 0009                   NOP
    00000028              L374:                             
       UImenus.c    37            ML_clear_vram();
    00000028 D330                   MOV.L       L403+8,R3  ; _ML_clear_vram
    0000002A 430B                   JSR         @R3
    0000002C 0009                   NOP
       UImenus.c    38            ML_bmp_or_cl(tab1, tab1x, 1, 58, 62);
    0000002E E23E                   MOV         #62,R2
    00000030 D435                   MOV.L       L403+36,R4 ; _tab1
    00000032 E73A                   MOV         #58,R7
    00000034 2F26                   MOV.L       R2,@-R15
    00000036 E601                   MOV         #1,R6
    00000038 4E0B                   JSR         @R14
    0000003A 65B2                   MOV.L       @R11,R5
       UImenus.c    39            ML_bmp_or_cl(tab2, 51, tab2y, 28, 26);
    0000003C D433                   MOV.L       L403+40,R4 ; _tab2
    0000003E E31A                   MOV         #26,R3
    00000040 2F36                   MOV.L       R3,@-R15
    00000042 E71C                   MOV         #28,R7
    00000044 66D2                   MOV.L       @R13,R6
    00000046 4E0B                   JSR         @R14
    00000048 E533                   MOV         #51,R5
       UImenus.c    40            ML_bmp_or_cl(tab3, tab3x, 1, 58, 62);
    0000004A E23E                   MOV         #62,R2
    0000004C D430                   MOV.L       L403+44,R4 ; _tab3
    0000004E E73A                   MOV         #58,R7
    00000050 2F26                   MOV.L       R2,@-R15
    00000052 E601                   MOV         #1,R6
    00000054 4E0B                   JSR         @R14
    00000056 65A2                   MOV.L       @R10,R5
       UImenus.c    41            ML_bmp_or_cl(tab4, 51, tab4y, 28, 26);
    00000058 D42E                   MOV.L       L403+48,R4 ; _tab4
    0000005A E31A                   MOV         #26,R3
    0000005C 2F36                   MOV.L       R3,@-R15
    0000005E E71C                   MOV         #28,R7
    00000060 66C2                   MOV.L       @R12,R6
    00000062 4E0B                   JSR         @R14
    00000064 E533                   MOV         #51,R5
       UImenus.c    42            if(IsKeyDown(KEY_CTRL_LEFT)&&tab1x==-50){
    00000066 943E                   MOV.W       L403+2,R4  ; H'7544
    00000068 490B                   JSR         @R9
    0000006A 7F10                   ADD         #16,R15
    0000006C 2008                   TST         R0,R0
    0000006E 8914                   BT          L375
    00000070 D321                   MOV.L       L403+20,R3 ; _tab1x
    00000072 6032                   MOV.L       @R3,R0
    00000074 88CE                   CMP/EQ      #-50,R0
    00000076 8B10                   BF          L375
       UImenus.c    43                for (tab1x = -50; tab1x < 0; ++tab1x){
    00000078 E1CE                   MOV         #-50,R1
    0000007A A00B                   BRA         L376
    0000007C 2B12                   MOV.L       R1,@R11




SH SERIES C/C++ Compiler (Ver. 6.0C)                                                                 25-May-2015 23:49:20  PAGE    4


SCT OFFSET   CODE       C LABEL     INSTRUCTION OPERAND    COMMENT

    0000007E              L377:                             
       UImenus.c    44                    ML_bmp_or_cl(tab1, tab1x, 1, 58, 62);
    0000007E E23E                   MOV         #62,R2
    00000080 D421                   MOV.L       L403+36,R4 ; _tab1
    00000082 E73A                   MOV         #58,R7
    00000084 2F26                   MOV.L       R2,@-R15
    00000086 E601                   MOV         #1,R6
    00000088 4E0B                   JSR         @R14
    0000008A 65B2                   MOV.L       @R11,R5
    0000008C 7F04                   ADD         #4,R15
    0000008E 63B2                   MOV.L       @R11,R3
    00000090 7301                   ADD         #1,R3
    00000092 2B32                   MOV.L       R3,@R11
    00000094              L376:                             
    00000094 62B2                   MOV.L       @R11,R2
    00000096 4211                   CMP/PZ      R2
    00000098 8BF1                   BF          L377
    0000009A              L375:                             
       UImenus.c    45                }
       UImenus.c    46            }
       UImenus.c    47            if(IsKeyDown(KEY_CTRL_UP)&&tab2y==-19){
    0000009A 490B                   JSR         @R9
    0000009C 6483                   MOV         R8,R4
    0000009E 2008                   TST         R0,R0
    000000A0 8914                   BT          L378
    000000A2 D317                   MOV.L       L403+28,R3 ; _tab2y
    000000A4 6032                   MOV.L       @R3,R0
    000000A6 88ED                   CMP/EQ      #-19,R0
    000000A8 8B10                   BF          L378
       UImenus.c    48                for (tab2y = -19; tab2y < 0; ++tab2y){
    000000AA E1ED                   MOV         #-19,R1
    000000AC A00B                   BRA         L379
    000000AE 2D12                   MOV.L       R1,@R13
    000000B0              L380:                             
       UImenus.c    49                    ML_bmp_or_cl(tab2, 51, tab2y, 28, 26);
    000000B0 D416                   MOV.L       L403+40,R4 ; _tab2
    000000B2 E21A                   MOV         #26,R2
    000000B4 2F26                   MOV.L       R2,@-R15
    000000B6 E71C                   MOV         #28,R7
    000000B8 66D2                   MOV.L       @R13,R6
    000000BA 4E0B                   JSR         @R14
    000000BC E533                   MOV         #51,R5
    000000BE 7F04                   ADD         #4,R15
    000000C0 63D2                   MOV.L       @R13,R3
    000000C2 7301                   ADD         #1,R3
    000000C4 2D32                   MOV.L       R3,@R13
    000000C6              L379:                             
    000000C6 62D2                   MOV.L       @R13,R2
    000000C8 4211                   CMP/PZ      R2
    000000CA 8BF1                   BF          L380
    000000CC              L378:                             
       UImenus.c    50                }
       UImenus.c    51            }
       UImenus.c    52            if(IsKeyDown(KEY_CTRL_RIGHT)&&tab3x==121){
    000000CC 940C                   MOV.W       L403+4,R4  ; H'7545
    000000CE 490B                   JSR         @R9
    000000D0 0009                   NOP




SH SERIES C/C++ Compiler (Ver. 6.0C)                                                                 25-May-2015 23:49:20  PAGE    5


SCT OFFSET   CODE       C LABEL     INSTRUCTION OPERAND    COMMENT

    000000D2 2008                   TST         R0,R0
    000000D4 892F                   BT          L381
    000000D6 D307                   MOV.L       L403+16,R3 ; _tab3x
    000000D8 6032                   MOV.L       @R3,R0
    000000DA 8879                   CMP/EQ      #121,R0
    000000DC 8B2B                   BF          L381
       UImenus.c    53                for (tab3x = 121; tab3x > 70; --tab3x){
    000000DE E179                   MOV         #121,R1
    000000E0 A025                   BRA         L382
    000000E2 2A12                   MOV.L       R1,@R10
    000000E4              L403:                             
    000000E4 7542                   .DATA.W     H'7542
    000000E6 7544                   .DATA.W     H'7544
    000000E8 7545                   .DATA.W     H'7545
    000000EA 0000                   .DATA.W     0
    000000EC <00000000>             .DATA.L     _ML_clear_vram
    000000F0 <00000000>             .DATA.L     _IsKeyDown
    000000F4 <00000000>             .DATA.L     _tab3x
    000000F8 <00000000>             .DATA.L     _tab1x
    000000FC <00000000>             .DATA.L     _tab4y
    00000100 <00000000>             .DATA.L     _tab2y
    00000104 <00000000>             .DATA.L     _ML_bmp_or_cl
    00000108 <00000000>             .DATA.L     _tab1
    0000010C <00000000>             .DATA.L     _tab2
    00000110 <00000000>             .DATA.L     _tab3
    00000114 <00000000>             .DATA.L     _tab4
    00000118              L383:                             
       UImenus.c    54                    ML_bmp_or_cl(tab3, tab3x, 1, 58, 62);
    00000118 D435                   MOV.L       L404+6,R4  ; _tab3
    0000011A E23E                   MOV         #62,R2
    0000011C 2F26                   MOV.L       R2,@-R15
    0000011E E73A                   MOV         #58,R7
    00000120 E601                   MOV         #1,R6
    00000122 4E0B                   JSR         @R14
    00000124 65A2                   MOV.L       @R10,R5
    00000126 7F04                   ADD         #4,R15
    00000128 63A2                   MOV.L       @R10,R3
    0000012A 73FF                   ADD         #-1,R3
    0000012C 2A32                   MOV.L       R3,@R10
    0000012E              L382:                             
    0000012E E246                   MOV         #70,R2
    00000130 61A2                   MOV.L       @R10,R1
    00000132 3127                   CMP/GT      R2,R1
    00000134 89F0                   BT          L383
    00000136              L381:                             
       UImenus.c    55                }
       UImenus.c    56            }
       UImenus.c    57            if(IsKeyDown(KEY_CTRL_DOWN)&&tab4y==57){
    00000136 9458                   MOV.W       L404,R4    ; H'7547
    00000138 490B                   JSR         @R9
    0000013A 0009                   NOP
    0000013C 2008                   TST         R0,R0
    0000013E 8915                   BT          L384
    00000140 D32C                   MOV.L       L404+10,R3 ; _tab4y
    00000142 6032                   MOV.L       @R3,R0
    00000144 8839                   CMP/EQ      #57,R0
    00000146 8B11                   BF          L384




SH SERIES C/C++ Compiler (Ver. 6.0C)                                                                 25-May-2015 23:49:20  PAGE    6


SCT OFFSET   CODE       C LABEL     INSTRUCTION OPERAND    COMMENT

       UImenus.c    58                for (tab4y = 57; tab4y > 38; --tab4y){
    00000148 E139                   MOV         #57,R1
    0000014A A00B                   BRA         L385
    0000014C 2C12                   MOV.L       R1,@R12
    0000014E              L386:                             
       UImenus.c    59                    ML_bmp_or_cl(tab4, 51, tab4y, 28, 26);
    0000014E E21A                   MOV         #26,R2
    00000150 D429                   MOV.L       L404+14,R4 ; _tab4
    00000152 E71C                   MOV         #28,R7
    00000154 2F26                   MOV.L       R2,@-R15
    00000156 66C2                   MOV.L       @R12,R6
    00000158 4E0B                   JSR         @R14
    0000015A E533                   MOV         #51,R5
    0000015C 7F04                   ADD         #4,R15
    0000015E 63C2                   MOV.L       @R12,R3
    00000160 73FF                   ADD         #-1,R3
    00000162 2C32                   MOV.L       R3,@R12
    00000164              L385:                             
    00000164 61C2                   MOV.L       @R12,R1
    00000166 E226                   MOV         #38,R2
    00000168 3127                   CMP/GT      R2,R1
    0000016A 89F0                   BT          L386
    0000016C              L384:                             
       UImenus.c    60                }
       UImenus.c    61            }
       UImenus.c    62            if(IsKeyDown(KEY_CTRL_LEFT)&&tab1x==0){
    0000016C 943E                   MOV.W       L404+2,R4  ; H'7544
    0000016E 490B                   JSR         @R9
    00000170 0009                   NOP
    00000172 2008                   TST         R0,R0
    00000174 8914                   BT          L387
    00000176 D221                   MOV.L       L404+18,R2 ; _tab1x
    00000178 6322                   MOV.L       @R2,R3
    0000017A 2338                   TST         R3,R3
    0000017C 8B10                   BF          L387
       UImenus.c    63                for (tab1x = 0; tab1x > -50; --tab1x){
    0000017E A00A                   BRA         L401
    00000180 E300                   MOV         #0,R3
    00000182              L389:                             
       UImenus.c    64                    ML_bmp_or_cl(tab1, tab1x, 1, 58, 62);
    00000182 E13E                   MOV         #62,R1
    00000184 D41E                   MOV.L       L404+22,R4 ; _tab1
    00000186 E73A                   MOV         #58,R7
    00000188 2F16                   MOV.L       R1,@-R15
    0000018A E601                   MOV         #1,R6
    0000018C 4E0B                   JSR         @R14
    0000018E 65B2                   MOV.L       @R11,R5
    00000190 7F04                   ADD         #4,R15
    00000192 63B2                   MOV.L       @R11,R3
    00000194 73FF                   ADD         #-1,R3
    00000196              L401:                             
    00000196 E2CE                   MOV         #-50,R2
    00000198 2B32                   MOV.L       R3,@R11
    0000019A 6133                   MOV         R3,R1
    0000019C 3127                   CMP/GT      R2,R1
    0000019E 89F0                   BT          L389
    000001A0              L387:                             




SH SERIES C/C++ Compiler (Ver. 6.0C)                                                                 25-May-2015 23:49:20  PAGE    7


SCT OFFSET   CODE       C LABEL     INSTRUCTION OPERAND    COMMENT

       UImenus.c    65                }
       UImenus.c    66            }
       UImenus.c    67            if(IsKeyDown(KEY_CTRL_UP)&&tab2y==0){
    000001A0 490B                   JSR         @R9
    000001A2 6483                   MOV         R8,R4
    000001A4 2008                   TST         R0,R0
    000001A6 8914                   BT          L390
    000001A8 D216                   MOV.L       L404+26,R2 ; _tab2y
    000001AA 6322                   MOV.L       @R2,R3
    000001AC 2338                   TST         R3,R3
    000001AE 8B10                   BF          L390
       UImenus.c    68                for (tab2y = 0; tab2y > -19; --tab2y){
    000001B0 A00A                   BRA         L402
    000001B2 E300                   MOV         #0,R3
    000001B4              L392:                             
       UImenus.c    69                    ML_bmp_or_cl(tab2, 51, tab2y, 28, 26);
    000001B4 D414                   MOV.L       L404+30,R4 ; _tab2
    000001B6 E11A                   MOV         #26,R1
    000001B8 2F16                   MOV.L       R1,@-R15
    000001BA E71C                   MOV         #28,R7
    000001BC 66D2                   MOV.L       @R13,R6
    000001BE 4E0B                   JSR         @R14
    000001C0 E533                   MOV         #51,R5
    000001C2 7F04                   ADD         #4,R15
    000001C4 63D2                   MOV.L       @R13,R3
    000001C6 73FF                   ADD         #-1,R3
    000001C8              L402:                             
    000001C8 2D32                   MOV.L       R3,@R13
    000001CA E2ED                   MOV         #-19,R2
    000001CC 6133                   MOV         R3,R1
    000001CE 3127                   CMP/GT      R2,R1
    000001D0 89F0                   BT          L392
    000001D2              L390:                             
       UImenus.c    70                }
       UImenus.c    71            }
       UImenus.c    72            if(IsKeyDown(KEY_CTRL_RIGHT)&&tab3x==70){
    000001D2 940C                   MOV.W       L404+4,R4  ; H'7545
    000001D4 490B                   JSR         @R9
    000001D6 0009                   NOP
    000001D8 2008                   TST         R0,R0
    000001DA 8928                   BT          L393
    000001DC D30B                   MOV.L       L404+34,R3 ; _tab3x
    000001DE 6032                   MOV.L       @R3,R0
    000001E0 8846                   CMP/EQ      #70,R0
    000001E2 8B24                   BF          L393
       UImenus.c    73               for (tab3x = 70; tab3x < 121; ++tab3x){
    000001E4 E146                   MOV         #70,R1
    000001E6 A01E                   BRA         L394
    000001E8 2A12                   MOV.L       R1,@R10
    000001EA              L404:                             
    000001EA 7547                   .DATA.W     H'7547
    000001EC 7544                   .DATA.W     H'7544
    000001EE 7545                   .DATA.W     H'7545
    000001F0 <00000000>             .DATA.L     _tab3
    000001F4 <00000000>             .DATA.L     _tab4y
    000001F8 <00000000>             .DATA.L     _tab4
    000001FC <00000000>             .DATA.L     _tab1x




SH SERIES C/C++ Compiler (Ver. 6.0C)                                                                 25-May-2015 23:49:20  PAGE    8


SCT OFFSET   CODE       C LABEL     INSTRUCTION OPERAND    COMMENT

    00000200 <00000000>             .DATA.L     _tab1
    00000204 <00000000>             .DATA.L     _tab2y
    00000208 <00000000>             .DATA.L     _tab2
    0000020C <00000000>             .DATA.L     _tab3x
    00000210              L395:                             
       UImenus.c    74                    ML_bmp_or_cl(tab3, tab3x, 1, 58, 62);
    00000210 D41E                   MOV.L       L405+2,R4  ; _tab3
    00000212 E23E                   MOV         #62,R2
    00000214 2F26                   MOV.L       R2,@-R15
    00000216 E73A                   MOV         #58,R7
    00000218 E601                   MOV         #1,R6
    0000021A 4E0B                   JSR         @R14
    0000021C 65A2                   MOV.L       @R10,R5
    0000021E 7F04                   ADD         #4,R15
    00000220 63A2                   MOV.L       @R10,R3
    00000222 7301                   ADD         #1,R3
    00000224 2A32                   MOV.L       R3,@R10
    00000226              L394:                             
    00000226 E279                   MOV         #121,R2
    00000228 61A2                   MOV.L       @R10,R1
    0000022A 3123                   CMP/GE      R2,R1
    0000022C 8BF0                   BF          L395
    0000022E              L393:                             
       UImenus.c    75               } 
       UImenus.c    76            }
       UImenus.c    77            if(IsKeyDown(KEY_CTRL_DOWN)&&tab4y==38){
    0000022E 942C                   MOV.W       L405,R4    ; H'7547
    00000230 490B                   JSR         @R9
    00000232 0009                   NOP
    00000234 2008                   TST         R0,R0
    00000236 8915                   BT          L396
    00000238 D315                   MOV.L       L405+6,R3  ; _tab4y
    0000023A 6032                   MOV.L       @R3,R0
    0000023C 8826                   CMP/EQ      #38,R0
    0000023E 8B11                   BF          L396
       UImenus.c    78                for (tab4y = 38; tab4y < 57; ++tab4y){
    00000240 E126                   MOV         #38,R1
    00000242 A00B                   BRA         L397
    00000244 2C12                   MOV.L       R1,@R12
    00000246              L398:                             
       UImenus.c    79                    ML_bmp_or_cl(tab4, 51, tab4y, 28, 26);
    00000246 E21A                   MOV         #26,R2
    00000248 D412                   MOV.L       L405+10,R4 ; _tab4
    0000024A E71C                   MOV         #28,R7
    0000024C 2F26                   MOV.L       R2,@-R15
    0000024E 66C2                   MOV.L       @R12,R6
    00000250 4E0B                   JSR         @R14
    00000252 E533                   MOV         #51,R5
    00000254 7F04                   ADD         #4,R15
    00000256 63C2                   MOV.L       @R12,R3
    00000258 7301                   ADD         #1,R3
    0000025A 2C32                   MOV.L       R3,@R12
    0000025C              L397:                             
    0000025C 61C2                   MOV.L       @R12,R1
    0000025E E239                   MOV         #57,R2
    00000260 3123                   CMP/GE      R2,R1
    00000262 8BF0                   BF          L398




SH SERIES C/C++ Compiler (Ver. 6.0C)                                                                 25-May-2015 23:49:20  PAGE    9


SCT OFFSET   CODE       C LABEL     INSTRUCTION OPERAND    COMMENT

    00000264              L396:                             
       UImenus.c    80                }
       UImenus.c    81            }
       UImenus.c    82            ML_display_vram();
    00000264 D30C                   MOV.L       L405+14,R3 ; _ML_display_vram
    00000266 430B                   JSR         @R3
    00000268 0009                   NOP
    0000026A              L373:                             
    0000026A 490B                   JSR         @R9
    0000026C 6483                   MOV         R8,R4
    0000026E 2008                   TST         R0,R0
    00000270 8B01                   BF          L406
    00000272 AED9                   BRA         L374
    00000274 0009                   NOP
    00000276              L406:                             
       UImenus.c    83        }
       UImenus.c    84        return 1;
    00000276 E001                   MOV         #1,R0
       UImenus.c    85    }
    00000278 4F26                   LDS.L       @R15+,PR
    0000027A 68F6                   MOV.L       @R15+,R8
    0000027C 69F6                   MOV.L       @R15+,R9
    0000027E 6AF6                   MOV.L       @R15+,R10
    00000280 6BF6                   MOV.L       @R15+,R11
    00000282 6CF6                   MOV.L       @R15+,R12
    00000284 6DF6                   MOV.L       @R15+,R13
    00000286 000B                   RTS
    00000288 6EF6                   MOV.L       @R15+,R14
    0000028A              L405:                             
    0000028A 7547                   .DATA.W     H'7547
    0000028C <00000000>             .DATA.L     _tab3
    00000290 <00000000>             .DATA.L     _tab4y
    00000294 <00000000>             .DATA.L     _tab4
    00000298 <00000000>             .DATA.L     _ML_display_vram
       UImenus.c    86    
       UImenus.c    87    
       UImenus.c    88    
       UImenus.c    89    
       UImenus.c    90    //****************************************************************************
       UImenus.c    91    //**************                                              ****************
       UImenus.c    92    //**************                 Notice!                      ****************
       UImenus.c    93    //**************                                              ****************
       UImenus.c    94    //**************  Please do not change the following source.  ****************
       UImenus.c    95    //**************                                              ****************
       UImenus.c    96    //****************************************************************************
       UImenus.c    97    
       UImenus.c    98    
       UImenus.c    99    #pragma section _BR_Size
       UImenus.c   100    unsigned long BR_Size;
       UImenus.c   101    #pragma section
       UImenus.c   102    
       UImenus.c   103    
       UImenus.c   104    #pragma section _TOP
       UImenus.c   105    
       UImenus.c   106    //****************************************************************************
       UImenus.c   107    //  InitializeSystem
       UImenus.c   108    //




SH SERIES C/C++ Compiler (Ver. 6.0C)                                                                 25-May-2015 23:49:20  PAGE   10


SCT OFFSET   CODE       C LABEL     INSTRUCTION OPERAND    COMMENT

       UImenus.c   109    //  param   :   isAppli   : 1 = Application / 0 = eActivity
       UImenus.c   110    //              OptionNum : Option Number (only eActivity)
       UImenus.c   111    //
       UImenus.c   112    //  retval  :   1 = No error / 0 = Error
       UImenus.c   113    //
       UImenus.c   114    //****************************************************************************
       UImenus.c   115    int InitializeSystem(int isAppli, unsigned short OptionNum)
P_T 00000000              _InitializeSystem:               ; function: InitializeSystem
                                                           ; frame size=0
       UImenus.c   116    {
       UImenus.c   117        return INIT_ADDIN_APPLICATION(isAppli, OptionNum);
    00000000 D301                   MOV.L       L407+2,R3  ; _INIT_ADDIN_APPLICATION
    00000002 432B                   JMP         @R3
    00000004 0009                   NOP
    00000006              L407:                             
    00000006 0000                   .DATA.W     0
    00000008 <00000000>             .DATA.L     _INIT_ADDIN_APPLICATION
       UImenus.c   118    }
       UImenus.c   119    
       UImenus.c   120    #pragma section
       UImenus.c   121    
C   00000000              _tab1:                           ; static: tab1
    00000000 0000000000             .DATA.B     H'00,H'00,H'00,H'00,H'00,H'03,H'80,H'3F,H'FF,H'FF,H'FF,H'FF,H'FF,H'FE,H'80,H'3F,
             03803FFFFF +                       H'00,H'00,H'00,H'00,H'00,H'02,H'80,H'3F,H'00,H'00,H'00,H'00,H'00,H'02,H'80,H'3F,
             FFFFFFFE80 +                       H'00,H'00,H'00,H'00,H'00,H'02,H'80,H'3F,H'00,H'00,H'00,H'00,H'00,H'02,H'80,H'3F,
             3F00000000 +                       H'00,H'00,H'00,H'00,H'00,H'02,H'80,H'3F,H'00,H'00,H'00,H'00,H'00,H'02,H'80,H'3F,
             0002803F00 +                       H'00,H'00,H'00,H'00,H'00,H'02,H'80,H'3F,H'00,H'00,H'00,H'00,H'00,H'02,H'80,H'3F,
             0000000002 +                       H'00,H'00,H'00,H'00,H'00,H'02,H'80,H'3F,H'00,H'00,H'00,H'00,H'00,H'02,H'80,H'3F,
             803F000000 +                       H'00,H'00,H'00,H'00,H'00,H'02,H'80,H'3F,H'00,H'00,H'00,H'00,H'00,H'02,H'80,H'3F,
             000002803F +                       H'00,H'00,H'00,H'00,H'00,H'02,H'80,H'3F,H'00,H'00,H'00,H'00,H'00,H'02,H'80,H'3F,
             0000000000 +                       H'00,H'00,H'00,H'00,H'00,H'02,H'80,H'3F,H'00,H'00,H'00,H'00,H'00,H'02,H'80,H'3F,
             02803F0000 +                       H'00,H'00,H'00,H'00,H'00,H'02,H'80,H'3F,H'00,H'00,H'00,H'00,H'00,H'02,H'80,H'3F,
             0000000280 +                       H'00,H'00,H'00,H'00,H'00,H'02,H'80,H'3F,H'00,H'00,H'00,H'00,H'00,H'02,H'80,H'3F,
             3F00000000 +                       H'00,H'00,H'00,H'00,H'00,H'02,H'80,H'3F,H'00,H'00,H'00,H'00,H'00,H'02,H'80,H'3F,
             0002803F00 +                       H'00,H'00,H'00,H'00,H'00,H'02,H'80,H'3F,H'00,H'00,H'00,H'00,H'00,H'02,H'80,H'3F,
             0000000002 +                       H'00,H'00,H'00,H'00
             803F000000   
             000002803F   
             0000000000   
             02803F0000   
             0000000280   
             3F00000000   
             0002803F00   
             0000000002   
             803F000000   
             000002803F   
             0000000000   
             02803F0000   
             0000000280   
             3F00000000   
             0002803F00   
             0000000002   
             803F000000   
             000002803F   
             0000000000   
             02803F0000   
             0000000280   




SH SERIES C/C++ Compiler (Ver. 6.0C)                                                                 25-May-2015 23:49:20  PAGE   11


SCT OFFSET   CODE       C LABEL     INSTRUCTION OPERAND    COMMENT

             3F00000000   
             0002803F00   
             0000000002   
             803F000000   
             000002803F   
             0000000000   
             02803F0000   
             0000         
    000000D4 0002803F00             .DATA.B     H'00,H'02,H'80,H'3F,H'00,H'00,H'00,H'00,H'00,H'02,H'80,H'3F,H'00,H'00,H'00,H'00,
             0000000002 +                       H'00,H'02,H'80,H'3F,H'00,H'00,H'00,H'00,H'00,H'02,H'A0,H'3F,H'00,H'00,H'00,H'00,
             803F000000 +                       H'00,H'02,H'D8,H'3F,H'00,H'00,H'00,H'00,H'00,H'02,H'07,H'FF,H'00,H'00,H'00,H'00,
             000002803F +                       H'00,H'02,H'D8,H'3F,H'00,H'00,H'00,H'00,H'00,H'02,H'A0,H'3F,H'00,H'00,H'00,H'00,
             0000000000 +                       H'00,H'02,H'80,H'3F,H'00,H'00,H'00,H'00,H'00,H'02,H'80,H'3F,H'00,H'00,H'00,H'00,
             02A03F0000 +                       H'00,H'02,H'80,H'3F,H'00,H'00,H'00,H'00,H'00,H'02,H'80,H'3F,H'00,H'00,H'00,H'00,
             00000002D8 +                       H'00,H'02,H'80,H'3F,H'00,H'00,H'00,H'00,H'00,H'02,H'80,H'3F,H'00,H'00,H'00,H'00,
             3F00000000 +                       H'00,H'02,H'80,H'3F,H'00,H'00,H'00,H'00,H'00,H'02,H'80,H'3F,H'00,H'00,H'00,H'00,
             000207FF00 +                       H'00,H'02,H'80,H'3F,H'00,H'00,H'00,H'00,H'00,H'02,H'80,H'3F,H'00,H'00,H'00,H'00,
             0000000002 +                       H'00,H'02,H'80,H'3F,H'00,H'00,H'00,H'00,H'00,H'02,H'80,H'3F,H'00,H'00,H'00,H'00,
             D83F000000 +                       H'00,H'02,H'80,H'3F,H'00,H'00,H'00,H'00,H'00,H'02,H'80,H'3F,H'00,H'00,H'00,H'00,
             000002A03F +                       H'00,H'02,H'80,H'3F,H'00,H'00,H'00,H'00,H'00,H'02,H'80,H'3F,H'00,H'00,H'00,H'00,
             0000000000 +                       H'00,H'02,H'80,H'3F,H'00,H'00,H'00,H'00,H'00,H'02,H'80,H'3F,H'00,H'00,H'00,H'00,
             02803F0000 +                       H'00,H'02,H'80,H'3F
             0000000280   
             3F00000000   
             0002803F00   
             0000000002   
             803F000000   
             000002803F   
             0000000000   
             02803F0000   
             0000000280   
             3F00000000   
             0002803F00   
             0000000002   
             803F000000   
             000002803F   
             0000000000   
             02803F0000   
             0000000280   
             3F00000000   
             0002803F00   
             0000000002   
             803F000000   
             000002803F   
             0000000000   
             02803F0000   
             0000000280   
             3F00000000   
             0002803F00   
             0000000002   
             803F         
    000001A8 0000000000             .DATA.B     H'00,H'00,H'00,H'00,H'00,H'02,H'80,H'3F,H'00,H'00,H'00,H'00,H'00,H'02,H'80,H'3F,
             02803F0000 +                       H'00,H'00,H'00,H'00,H'00,H'02,H'80,H'3F,H'00,H'00,H'00,H'00,H'00,H'02,H'80,H'3F,
             0000000280 +                       H'00,H'00,H'00,H'00,H'00,H'02,H'80,H'3F,H'00,H'00,H'00,H'00,H'00,H'02,H'80,H'3F,
             3F00000000 +                       H'00,H'00,H'00,H'00,H'00,H'02,H'80,H'3F,H'FF,H'FF,H'FF,H'FF,H'FF,H'FE,H'80,H'3F,
             0002803F00 +                       H'00,H'00,H'00,H'00,H'00,H'03,H'80,H'3F
             0000000002   




SH SERIES C/C++ Compiler (Ver. 6.0C)                                                                 25-May-2015 23:49:20  PAGE   12


SCT OFFSET   CODE       C LABEL     INSTRUCTION OPERAND    COMMENT

             803F000000   
             000002803F   
             0000000000   
             02803F0000   
             0000000280   
             3FFFFFFFFF   
             FFFE803F00   
             0000000003   
             803F         
    000001F0              _tab2:                           ; static: tab2
    000001F0 4000002F40             .DATA.B     H'40,H'00,H'00,H'2F,H'40,H'00,H'00,H'2F,H'40,H'00,H'00,H'2F,H'40,H'00,H'00,H'2F,
             00002F4000 +                       H'40,H'00,H'00,H'2F,H'40,H'00,H'00,H'2F,H'40,H'00,H'00,H'2F,H'40,H'00,H'00,H'2F,
             002F400000 +                       H'40,H'00,H'00,H'2F,H'40,H'00,H'00,H'2F,H'40,H'00,H'00,H'2F,H'40,H'00,H'00,H'2F,
             2F4000002F +                       H'40,H'00,H'00,H'2F,H'40,H'00,H'00,H'2F,H'40,H'00,H'00,H'2F,H'FF,H'FF,H'FF,H'FF,
             4000002F40 +                       H'80,H'00,H'00,H'1F,H'FF,H'FF,H'FF,H'FF,H'00,H'05,H'00,H'0F,H'00,H'08,H'80,H'0F,
             00002F4000 +                       H'00,H'05,H'00,H'0F,H'00,H'05,H'00,H'0F,H'00,H'02,H'00,H'0F,H'00,H'02,H'00,H'0F,
             002F400000 +                       H'00,H'02,H'00,H'0F,H'00,H'02,H'00,H'0F
             2F4000002F   
             4000002F40   
             00002F4000   
             002F400000   
             2F4000002F   
             FFFFFFFF80   
             00001FFFFF   
             FFFF000500   
             0F0008800F   
             0005000F00   
             05000F0002   
             000F000200   
             0F0002000F   
             0002000F     
    00000258              _tab3:                           ; static: tab3
    00000258 0000000000             .DATA.B     H'00,H'00,H'00,H'00,H'00,H'00,H'00,H'7F,H'00,H'E0,H'00,H'00,H'00,H'00,H'00,H'7F,
             00007F00E0 +                       H'00,H'BF,H'FF,H'FF,H'FF,H'FF,H'FF,H'FF,H'00,H'A0,H'00,H'00,H'00,H'00,H'00,H'7F,
             0000000000 +                       H'00,H'A0,H'00,H'00,H'00,H'00,H'00,H'7F,H'00,H'A0,H'00,H'00,H'00,H'00,H'00,H'7F,
             7F00BFFFFF +                       H'00,H'A0,H'00,H'00,H'00,H'00,H'00,H'7F,H'00,H'A0,H'00,H'00,H'00,H'00,H'00,H'7F,
             FFFFFFFF00 +                       H'00,H'A0,H'00,H'00,H'00,H'00,H'00,H'7F,H'00,H'A0,H'00,H'00,H'00,H'00,H'00,H'7F,
             A000000000 +                       H'00,H'A0,H'00,H'00,H'00,H'00,H'00,H'7F,H'00,H'A0,H'00,H'00,H'00,H'00,H'00,H'7F,
             007F00A000 +                       H'00,H'A0,H'00,H'00,H'00,H'00,H'00,H'7F,H'00,H'A0,H'00,H'00,H'00,H'00,H'00,H'7F,
             000000007F +                       H'00,H'A0,H'00,H'00,H'00,H'00,H'00,H'7F,H'00,H'A0,H'00,H'00,H'00,H'00,H'00,H'7F,
             00A0000000 +                       H'00,H'A0,H'00,H'00,H'00,H'00,H'00,H'7F,H'00,H'A0,H'00,H'00,H'00,H'00,H'00,H'7F,
             00007F00A0 +                       H'00,H'A0,H'00,H'00,H'00,H'00,H'00,H'7F,H'00,H'A0,H'00,H'00,H'00,H'00,H'00,H'7F,
             0000000000 +                       H'00,H'A0,H'00,H'00,H'00,H'00,H'00,H'7F,H'00,H'A0,H'00,H'00,H'00,H'00,H'00,H'7F,
             7F00A00000 +                       H'00,H'A0,H'00,H'00,H'00,H'00,H'00,H'7F,H'00,H'A0,H'00,H'00,H'00,H'00,H'00,H'7F,
             0000007F00 +                       H'00,H'A0,H'00,H'00,H'00,H'00,H'00,H'7F,H'00,H'A0,H'00,H'00,H'00,H'00,H'00,H'7F,
             A000000000 +                       H'00,H'A0,H'00,H'00
             007F00A000   
             000000007F   
             00A0000000   
             00007F00A0   
             0000000000   
             7F00A00000   
             0000007F00   
             A000000000   
             007F00A000   
             000000007F   
             00A0000000   




SH SERIES C/C++ Compiler (Ver. 6.0C)                                                                 25-May-2015 23:49:20  PAGE   13


SCT OFFSET   CODE       C LABEL     INSTRUCTION OPERAND    COMMENT

             00007F00A0   
             0000000000   
             7F00A00000   
             0000007F00   
             A000000000   
             007F00A000   
             000000007F   
             00A0000000   
             00007F00A0   
             0000000000   
             7F00A00000   
             0000007F00   
             A000000000   
             007F00A000   
             000000007F   
             00A0000000   
             00007F00A0   
             0000         
    0000032C 0000007F00             .DATA.B     H'00,H'00,H'00,H'7F,H'00,H'A0,H'00,H'00,H'00,H'00,H'00,H'7F,H'00,H'A0,H'00,H'00,
             A000000000 +                       H'00,H'00,H'00,H'7F,H'00,H'A0,H'00,H'00,H'00,H'00,H'00,H'7F,H'02,H'A0,H'00,H'00,
             007F00A000 +                       H'00,H'00,H'00,H'7F,H'0D,H'A0,H'00,H'00,H'00,H'00,H'00,H'7F,H'F0,H'20,H'00,H'00,
             000000007F +                       H'00,H'00,H'00,H'7F,H'0D,H'A0,H'00,H'00,H'00,H'00,H'00,H'7F,H'02,H'A0,H'00,H'00,
             00A0000000 +                       H'00,H'00,H'00,H'7F,H'00,H'A0,H'00,H'00,H'00,H'00,H'00,H'7F,H'00,H'A0,H'00,H'00,
             00007F02A0 +                       H'00,H'00,H'00,H'7F,H'00,H'A0,H'00,H'00,H'00,H'00,H'00,H'7F,H'00,H'A0,H'00,H'00,
             0000000000 +                       H'00,H'00,H'00,H'7F,H'00,H'A0,H'00,H'00,H'00,H'00,H'00,H'7F,H'00,H'A0,H'00,H'00,
             7F0DA00000 +                       H'00,H'00,H'00,H'7F,H'00,H'A0,H'00,H'00,H'00,H'00,H'00,H'7F,H'00,H'A0,H'00,H'00,
             0000007FF0 +                       H'00,H'00,H'00,H'7F,H'00,H'A0,H'00,H'00,H'00,H'00,H'00,H'7F,H'00,H'A0,H'00,H'00,
             2000000000 +                       H'00,H'00,H'00,H'7F,H'00,H'A0,H'00,H'00,H'00,H'00,H'00,H'7F,H'00,H'A0,H'00,H'00,
             007F0DA000 +                       H'00,H'00,H'00,H'7F,H'00,H'A0,H'00,H'00,H'00,H'00,H'00,H'7F,H'00,H'A0,H'00,H'00,
             000000007F +                       H'00,H'00,H'00,H'7F,H'00,H'A0,H'00,H'00,H'00,H'00,H'00,H'7F,H'00,H'A0,H'00,H'00,
             02A0000000 +                       H'00,H'00,H'00,H'7F,H'00,H'A0,H'00,H'00,H'00,H'00,H'00,H'7F,H'00,H'A0,H'00,H'00,
             00007F00A0 +                       H'00,H'00,H'00,H'7F
             0000000000   
             7F00A00000   
             0000007F00   
             A000000000   
             007F00A000   
             000000007F   
             00A0000000   
             00007F00A0   
             0000000000   
             7F00A00000   
             0000007F00   
             A000000000   
             007F00A000   
             000000007F   
             00A0000000   
             00007F00A0   
             0000000000   
             7F00A00000   
             0000007F00   
             A000000000   
             007F00A000   
             000000007F   
             00A0000000   
             00007F00A0   
             0000000000   




SH SERIES C/C++ Compiler (Ver. 6.0C)                                                                 25-May-2015 23:49:20  PAGE   14


SCT OFFSET   CODE       C LABEL     INSTRUCTION OPERAND    COMMENT

             7F00A00000   
             0000007F00   
             A000000000   
             007F         
    00000400 00A0000000             .DATA.B     H'00,H'A0,H'00,H'00,H'00,H'00,H'00,H'7F,H'00,H'A0,H'00,H'00,H'00,H'00,H'00,H'7F,
             00007F00A0 +                       H'00,H'A0,H'00,H'00,H'00,H'00,H'00,H'7F,H'00,H'A0,H'00,H'00,H'00,H'00,H'00,H'7F,
             0000000000 +                       H'00,H'A0,H'00,H'00,H'00,H'00,H'00,H'7F,H'00,H'A0,H'00,H'00,H'00,H'00,H'00,H'7F,
             7F00A00000 +                       H'00,H'A0,H'00,H'00,H'00,H'00,H'00,H'7F,H'00,H'A0,H'00,H'00,H'00,H'00,H'00,H'7F,
             0000007F00 +                       H'00,H'BF,H'FF,H'FF,H'FF,H'FF,H'FF,H'FF,H'00,H'E0,H'00,H'00,H'00,H'00,H'00,H'7F,
             A000000000 +                       H'00,H'00,H'00,H'00,H'00,H'00,H'00,H'7F
             007F00A000   
             000000007F   
             00A0000000   
             00007F00A0   
             0000000000   
             7F00A00000   
             0000007F00   
             BFFFFFFFFF   
             FFFF00E000   
             000000007F   
             0000000000   
             00007F       
    00000458              _tab4:                           ; static: tab4
    00000458 0002000F00             .DATA.B     H'00,H'02,H'00,H'0F,H'00,H'02,H'00,H'0F,H'00,H'02,H'00,H'0F,H'00,H'02,H'00,H'0F,
             02000F0002 +                       H'00,H'05,H'00,H'0F,H'00,H'05,H'00,H'0F,H'00,H'08,H'80,H'0F,H'00,H'05,H'00,H'0F,
             000F000200 +                       H'FF,H'FF,H'FF,H'FF,H'80,H'00,H'00,H'1F,H'FF,H'FF,H'FF,H'FF,H'40,H'00,H'00,H'2F,
             0F0005000F +                       H'40,H'00,H'00,H'2F,H'40,H'00,H'00,H'2F,H'40,H'00,H'00,H'2F,H'40,H'00,H'00,H'2F,
             0005000F00 +                       H'40,H'00,H'00,H'2F,H'40,H'00,H'00,H'2F,H'40,H'00,H'00,H'2F,H'40,H'00,H'00,H'2F,
             08800F0005 +                       H'40,H'00,H'00,H'2F,H'40,H'00,H'00,H'2F,H'40,H'00,H'00,H'2F,H'40,H'00,H'00,H'2F,
             000FFFFFFF +                       H'40,H'00,H'00,H'2F,H'40,H'00,H'00,H'2F
             FF8000001F   
             FFFFFFFF40   
             00002F4000   
             002F400000   
             2F4000002F   
             4000002F40   
             00002F4000   
             002F400000   
             2F4000002F   
             4000002F40   
             00002F4000   
             002F400000   
             2F4000002F   
             4000002F     
    000004C0              _pointer:                        ; static: pointer
    000004C0 2911834583             .DATA.B     H'29,H'11,H'83,H'45,H'83,H'11,H'29
             1129         
D   00000000              _tab1x:                          ; static: tab1x
    00000000 FFFFFFCE               .DATA.L     H'FFFFFFCE
    00000004              _tab2y:                          ; static: tab2y
    00000004 FFFFFFED               .DATA.L     H'FFFFFFED
    00000008              _tab3x:                          ; static: tab3x
    00000008 00000079               .DATA.L     H'00000079
    0000000C              _tab4y:                          ; static: tab4y
    0000000C 00000039               .DATA.L     H'00000039
B_B 00000000              _BR_Size:                        ; static: BR_Size
    00000000 00000004               .RES.L      1




SH SERIES C/C++ Compiler (Ver. 6.0C)                                                                 25-May-2015 23:49:20  PAGE    1


******** STATISTICS INFORMATION ********


********** ERROR INFORMATION ***********

NUMBER OF ERRORS:           0
NUMBER OF WARNINGS:         0




******* SOURCE LINE INFORMATION ********

COMPILED SOURCE LINE:      121



******* SECTION SIZE INFORMATION *******

PROGRAM  SECTION (P):                               0000029C Byte(s)
PROGRAM  SECTION (P_BR_Size):                       00000000 Byte(s)
PROGRAM  SECTION (P_TOP):                           0000000C Byte(s)
CONSTANT SECTION (C):                               000004C7 Byte(s)
CONSTANT SECTION (C_BR_Size):                       00000000 Byte(s)
CONSTANT SECTION (C_TOP):                           00000000 Byte(s)
DATA     SECTION (D):                               00000010 Byte(s)
DATA     SECTION (D_BR_Size):                       00000000 Byte(s)
DATA     SECTION (D_TOP):                           00000000 Byte(s)
BSS      SECTION (B):                               00000000 Byte(s)
BSS      SECTION (B_BR_Size):                       00000004 Byte(s)
BSS      SECTION (B_TOP):                           00000000 Byte(s)

 TOTAL PROGRAM SIZE: 00000783 Byte(s)



********** LABEL INFORMATION ***********

NUMBER OF EXTERNAL REFERENCE SYMBOLS:            5
NUMBER OF EXTERNAL DEFINITION SYMBOLS:          12
NUMBER OF INTERNAL/EXTERNAL SYMBOLS:            48






















*** COMMAND PARAMETER ***


  -subcommand=C:\Users\Az\AppData\Local\Temp\hmk4818.tmp 

